kotlin version: 2.0.21
error message: java.lang.OutOfMemoryError: GC overhead limit exceeded
	at org.jetbrains.kotlin.protobuf.ByteString$Output.<init>(ByteString.java:789)
	at org.jetbrains.kotlin.protobuf.ByteString.newOutput(ByteString.java:751)
	at org.jetbrains.kotlin.metadata.ProtoBuf$Type.<init>(ProtoBuf.java:4836)
	at org.jetbrains.kotlin.metadata.ProtoBuf$Type.<init>(ProtoBuf.java:4807)
	at org.jetbrains.kotlin.metadata.ProtoBuf$Type$1.parsePartialFrom(ProtoBuf.java:4979)
	at org.jetbrains.kotlin.metadata.ProtoBuf$Type$1.parsePartialFrom(ProtoBuf.java:4974)
	at org.jetbrains.kotlin.protobuf.CodedInputStream.readMessage(CodedInputStream.java:495)
	at org.jetbrains.kotlin.metadata.ProtoBuf$Property.<init>(ProtoBuf.java:18028)
	at org.jetbrains.kotlin.metadata.ProtoBuf$Property.<init>(ProtoBuf.java:17965)
	at org.jetbrains.kotlin.metadata.ProtoBuf$Property$1.parsePartialFrom(ProtoBuf.java:18181)
	at org.jetbrains.kotlin.metadata.ProtoBuf$Property$1.parsePartialFrom(ProtoBuf.java:18176)
	at org.jetbrains.kotlin.protobuf.CodedInputStream.readMessage(CodedInputStream.java:495)
	at org.jetbrains.kotlin.metadata.ProtoBuf$Package.<init>(ProtoBuf.java:12864)
	at org.jetbrains.kotlin.metadata.ProtoBuf$Package.<init>(ProtoBuf.java:12803)
	at org.jetbrains.kotlin.metadata.ProtoBuf$Package$1.parsePartialFrom(ProtoBuf.java:12934)
	at org.jetbrains.kotlin.metadata.ProtoBuf$Package$1.parsePartialFrom(ProtoBuf.java:12929)
	at org.jetbrains.kotlin.protobuf.AbstractParser.parsePartialFrom(AbstractParser.java:192)
	at org.jetbrains.kotlin.protobuf.AbstractParser.parseFrom(AbstractParser.java:209)
	at org.jetbrains.kotlin.protobuf.AbstractParser.parseFrom(AbstractParser.java:49)
	at org.jetbrains.kotlin.metadata.ProtoBuf$Package.parseFrom(ProtoBuf.java:13217)
	at org.jetbrains.kotlin.metadata.jvm.deserialization.JvmProtoBufUtil.readPackageDataFrom(JvmProtoBufUtil.kt:42)
	at org.jetbrains.kotlin.metadata.jvm.deserialization.JvmProtoBufUtil.readPackageDataFrom(JvmProtoBufUtil.kt:37)
	at org.jetbrains.kotlin.fir.java.deserialization.JvmClassFileBasedSymbolProvider.computePackagePartInfo(JvmClassFileBasedSymbolProvider.kt:93)
	at org.jetbrains.kotlin.fir.java.deserialization.JvmClassFileBasedSymbolProvider.computePackagePartsInfos(JvmClassFileBasedSymbolProvider.kt:70)
	at org.jetbrains.kotlin.fir.deserialization.AbstractFirDeserializedSymbolProvider.tryComputePackagePartInfos(AbstractFirDeserializedSymbolProvider.kt:211)
	at org.jetbrains.kotlin.fir.deserialization.AbstractFirDeserializedSymbolProvider.access$tryComputePackagePartInfos(AbstractFirDeserializedSymbolProvider.kt:93)
	at org.jetbrains.kotlin.fir.deserialization.AbstractFirDeserializedSymbolProvider$special$$inlined$createCache$2.invoke(FirCachesFactory.kt:73)
	at org.jetbrains.kotlin.fir.deserialization.AbstractFirDeserializedSymbolProvider$special$$inlined$createCache$2.invoke(FirCachesFactory.kt:71)
	at org.jetbrains.kotlin.fir.caches.FirThreadUnsafeCache.getValue(FirThreadUnsafeCachesFactory.kt:40)
	at org.jetbrains.kotlin.fir.deserialization.AbstractFirDeserializedSymbolProvider.getPackageParts(AbstractFirDeserializedSymbolProvider.kt:411)
	at org.jetbrains.kotlin.fir.deserialization.AbstractFirDeserializedSymbolProvider.access$getPackageParts(AbstractFirDeserializedSymbolProvider.kt:93)
	at org.jetbrains.kotlin.fir.deserialization.AbstractFirDeserializedSymbolProvider$special$$inlined$createCache$1.invoke(FirCachesFactory.kt:73)


